Warning: You are sending unauthenticated requests to the HF Hub. Please set a HF_TOKEN to enable higher rate limits and faster downloads.
=== исходные веса ===
Loading weights:   0%|          | 0/290 [00:00<?, ?it/s]Loading weights:   0%|          | 1/290 [00:00<04:28,  1.08it/s]Loading weights:  59%|█████▉    | 171/290 [00:01<00:00, 223.25it/s]Loading weights:  89%|████████▉ | 258/290 [00:01<00:00, 192.10it/s]Loading weights: 100%|██████████| 290/290 [00:01<00:00, 168.94it/s]
=== исходные веса, А === N=20 время 429.0 c (21.45 c/отчёт)
  верно по полям: {'n_A': 20, 'M_A': 20, 'SD_A': 20, 'n_B': 20, 'M_B': 20, 'SD_B': 20, 'df': 20, 't': 9, 'p': 20} -> 169/180 = 93.9%
  молчание: 0/20  перепорожд: 0

=== 4 бита ===
Loading weights:   0%|          | 0/290 [00:00<?, ?it/s]Loading weights:   0%|          | 1/290 [00:00<03:59,  1.21it/s]Loading weights:  51%|█████     | 147/290 [00:00<00:00, 212.06it/s]Loading weights:  77%|███████▋  | 224/290 [00:01<00:00, 193.59it/s]Loading weights:  94%|█████████▍| 274/290 [00:01<00:00, 185.61it/s]Loading weights: 100%|██████████| 290/290 [00:01<00:00, 167.97it/s]
  (4 бит: квантовано 168 слоёв за 10.6 c)
=== 4 бита, А === N=20 время 381.8 c (19.09 c/отчёт)
  верно по полям: {'n_A': 14, 'M_A': 15, 'SD_A': 14, 'n_B': 7, 'M_B': 11, 'SD_B': 11, 'df': 14, 't': 8, 'p': 12} -> 106/180 = 58.9%
  молчание: 0/20  перепорожд: 0

Уровни: orig=93.9%, 4bit=58.9%
Выбран уровень: 4bit (58.9%) -- продолжаю без остановки.

по оценке сокращаю до 10 отчётов для Б/В-текст/В-запрет (осталось 1866 c)
=== 4bit, B_nomark === N=10 время 1113.3 c (111.33 c/отчёт)
  верно по полям: {'n_A': 7, 'M_A': 6, 'SD_A': 6, 'n_B': 4, 'M_B': 5, 'SD_B': 5, 'df': 7, 't': 2, 'p': 6} -> 48/90 = 53.3%
  молчание: 9/10  перепорожд: 126
=== 4bit, V_text === N=10 время 537.9 c (53.79 c/отчёт)
  верно по полям: {'n_A': 7, 'M_A': 6, 'SD_A': 7, 'n_B': 8, 'M_B': 7, 'SD_B': 7, 'df': 4, 't': 1, 'p': 5} -> 52/90 = 57.8%
  молчание: 9/10  перепорожд: 117
